core_cm0plus.h:741:22:__NVIC_EnableIRQ	16	static,ignoring_inline_asm
core_cm0plus.h:779:22:__NVIC_DisableIRQ	16	static,ignoring_inline_asm
core_cm0plus.h:850:22:__NVIC_SetPriority	24	static
main.c:32:6:GPIO_Config	8	static
main.c:70:6:AH_BL	8	static
main.c:84:6:AH_CL	8	static
main.c:96:6:BH_CL	8	static
main.c:108:6:BH_AL	8	static
main.c:121:6:CH_AL	8	static
main.c:134:6:CH_BL	8	static
main.c:151:6:BEMF_A_RISING	8	static
main.c:165:6:BEMF_A_FALLING	8	static
main.c:179:6:BEMF_B_RISING	8	static
main.c:193:6:BEMF_B_FALLING	8	static
main.c:207:6:BEMF_C_RISING	8	static
main.c:221:6:BEMF_C_FALLING	8	static
main.c:236:6:set_next_step	8	static
main.c:266:6:ADC_COMP_IRQHandler	16	static
main.c:296:5:main	8	static
